visited README.md at ee26637b6e755705fe10ddf4a5f6148576402946
Update! Checkout  core/tests/baseline/notify_me/README.md | 2 +-
