See your most important changes at a glance

Usage: git-notify <COMMAND>

Commands:
  me    Read all notifications
  help  Print this message or the help of the given subcommand(s)

Options:
  -h, --help  Print help information
